---
http_interactions:
- request:
    method: post
    uri: "<API_ENDPOINT>/api/3/groups"
    body:
      encoding: UTF-8
      string: '{"group":{"title":"Awesome","descript":"My really awesome group"}}'
    headers:
      Api-Token:
      - "<API_KEY>"
      Accept-Encoding:
      - gzip;q=1.0,deflate;q=0.6,identity;q=0.3
      Accept:
      - "*/*"
      User-Agent:
      - Ruby
  response:
    status:
      code: 201
      message: Created
    headers:
      Date:
      - Tue, 30 Mar 2021 15:34:16 GMT
      Content-Type:
      - application/json
      Content-Length:
      - '666'
      Connection:
      - keep-alive
      Set-Cookie:
      - PHPSESSID=8df58e09c54a73eb302d197525dd47e5; path=/; HttpOnly
      - __cfduid=dd1b3c0699e9a4b5ebb7b483486cce1431617118456; expires=Thu, 29-Apr-21
        15:34:16 GMT; path=/; domain=.api-us1.com; HttpOnly; SameSite=Lax
      - em_acp_globalauth_cookie=240e5985-49e6-4f8f-bec4-fd9a9c4dafb0; path=/; domain=.wegohealth1616524231.api-us1.com;
        secure; httponly
      - em_acp_globalauth_cookie=deleted; expires=Thu, 01-Jan-1970 00:00:01 GMT; Max-Age=0;
        path=/; domain=.wegohealth1616524231.api-us1.com
      - em_acp_globalauth_cookie=deleted; expires=Thu, 01-Jan-1970 00:00:01 GMT; Max-Age=0;
        path=/; domain=.wegohealth1616524231.api-us1.com
      - em_acp_globalauth_cookie=deleted; expires=Thu, 01-Jan-1970 00:00:01 GMT; Max-Age=0;
        path=/; domain=.wegohealth1616524231.api-us1.com
      Cache-Control:
      - no-store, no-cache, must-revalidate
      Expires:
      - Thu, 19 Nov 1981 08:52:00 GMT
      Pragma:
      - no-cache
      X-Envoy-Upstream-Service-Time:
      - '124'
      X-Request-Id:
      - ea22e865-ab86-4c15-9a3a-0799b4ff6992
      Cf-Cache-Status:
      - DYNAMIC
      Cf-Request-Id:
      - '09255e832c000012bee7aaf000000001'
      Expect-Ct:
      - max-age=604800, report-uri="https://report-uri.cloudflare.com/cdn-cgi/beacon/expect-ct"
      Server:
      - cloudflare
      Cf-Ray:
      - 638266b1d95912be-DXB
    body:
      encoding: UTF-8
      string: '{"group":{"title":"Awesome","descript":"My really awesome group","p_admin":1,"links":{"userGroups":"https:\/\/wegohealth1616524231.api-us1.com\/api\/3\/groups\/18\/userGroups","groupLimit":"https:\/\/wegohealth1616524231.api-us1.com\/api\/3\/groups\/18\/groupLimit","dealGroupGroups":"https:\/\/wegohealth1616524231.api-us1.com\/api\/3\/groups\/18\/dealGroupGroups","listGroups":"https:\/\/wegohealth1616524231.api-us1.com\/api\/3\/groups\/18\/listGroups","addressGroups":"https:\/\/wegohealth1616524231.api-us1.com\/api\/3\/groups\/18\/addressGroups","automationGroups":"https:\/\/wegohealth1616524231.api-us1.com\/api\/3\/groups\/18\/automationGroups"},"id":"18"}}'
  recorded_at: Tue, 30 Mar 2021 15:34:17 GMT
- request:
    method: get
    uri: "<API_ENDPOINT>/api/3/groups"
    body:
      encoding: US-ASCII
      string: ''
    headers:
      Api-Token:
      - "<API_KEY>"
      Accept-Encoding:
      - gzip;q=1.0,deflate;q=0.6,identity;q=0.3
      Accept:
      - "*/*"
      User-Agent:
      - Ruby
  response:
    status:
      code: 200
      message: OK
    headers:
      Date:
      - Tue, 30 Mar 2021 15:34:17 GMT
      Content-Type:
      - application/json
      Transfer-Encoding:
      - chunked
      Connection:
      - keep-alive
      Set-Cookie:
      - PHPSESSID=c0bf02db332e40ac9f6cc7c3a8f6f9ec; path=/; HttpOnly
      - __cfduid=d2210e0a829f2614c8453c65579bbf6ec1617118457; expires=Thu, 29-Apr-21
        15:34:17 GMT; path=/; domain=.api-us1.com; HttpOnly; SameSite=Lax
      - em_acp_globalauth_cookie=42b24c35-56f8-4928-8f26-f68ee9a0a430; path=/; domain=.wegohealth1616524231.api-us1.com;
        secure; httponly
      - em_acp_globalauth_cookie=deleted; expires=Thu, 01-Jan-1970 00:00:01 GMT; Max-Age=0;
        path=/; domain=.wegohealth1616524231.api-us1.com
      - em_acp_globalauth_cookie=deleted; expires=Thu, 01-Jan-1970 00:00:01 GMT; Max-Age=0;
        path=/; domain=.wegohealth1616524231.api-us1.com
      - em_acp_globalauth_cookie=deleted; expires=Thu, 01-Jan-1970 00:00:01 GMT; Max-Age=0;
        path=/; domain=.wegohealth1616524231.api-us1.com
      Cache-Control:
      - no-store, no-cache, must-revalidate
      Expires:
      - Thu, 19 Nov 1981 08:52:00 GMT
      Pragma:
      - no-cache
      X-Envoy-Upstream-Service-Time:
      - '106'
      X-Request-Id:
      - 2cddfa19-699b-4311-9a24-84aa51093b14
      Cf-Cache-Status:
      - DYNAMIC
      Cf-Request-Id:
      - '09255e85da000017d7b6bdf000000001'
      Expect-Ct:
      - max-age=604800, report-uri="https://report-uri.cloudflare.com/cdn-cgi/beacon/expect-ct"
      Server:
      - cloudflare
      Cf-Ray:
      - 638266b62fa117d7-DXB
    body:
      encoding: ASCII-8BIT
      string: '{"groups":[{"title":"Awesome","descript":"My really awesome group","unsubscribelink":"0","optinconfirm":"0","p_admin":"1","pgListAdd":"1","pgListEdit":"1","pgListDelete":"1","pgListHeaders":"1","pgListEmailaccount":"1","pgListBounce":"1","pgMessageAdd":"1","pgMessageEdit":"1","pgMessageDelete":"1","pgMessageSend":"1","pgContactAdd":"1","pgContactEdit":"1","pgContactDelete":"1","pgContactMerge":"1","pgContactImport":"1","pgContactApprove":"1","pgContactExport":"1","pgContactSync":"1","pgContactFilters":"1","pgContactActions":"0","pgContactFields":"1","pg_user_add":"1","pg_user_edit":"1","pg_user_delete":"1","pgGroupAdd":"1","pgGroupEdit":"1","pgGroupDelete":"1","pgTemplateAdd":"1","pgTemplateEdit":"1","pgTemplateDelete":"1","pgPersonalizationAdd":"1","pgPersonalizationEdit":"1","pgPersonalizationDelete":"1","pgAutomationManage":"1","pgFormEdit":"1","pgReportsCampaign":"1","pgReportsList":"1","pgReportsUser":"1","pgReportsTrend":"1","pgReportsDeal":"1","pgStartupReports":"1","pgStartupGettingstarted":"1","pgAccountAdd":"1","pgAccountEdit":"1","pgAccountDelete":"1","pgAccountManageCustomField":"1","pgDeal":"1","pgDealDelete":"1","pgDealReassign":"1","pgDealFields":"1","pgDealGroupAdd":"1","pgDealGroupEdit":"1","pgDealGroupDelete":"1","pgSavedResponsesManage":"1","sdate":"2021-03-30T10:33:51-05:00","reqApproval":"0","reqApproval1st":"2","reqApprovalNotify":"","socialdata":"0","pgMfaAdmin":"1","pgDealExport":"1","pgDealManageRoles":"1","pgAccountNoteAdd":"0","pgAccountNoteEdit":"0","pgAccountNoteDelete":"0","pgDealNoteAdd":"0","pgDealNoteEdit":"0","pgDealNoteDelete":"0","pgDealListAll":"1","pgTagManage":"1","pgContactResubscribe":"1","pgDealImport":"1","pgAccountImport":"1","pgAccountExport":"1","pgLandingPagesAccess":"1","pgWebPersonalizationManage":"1","links":{"userGroups":"https:\/\/wegohealth1616524231.api-us1.com\/api\/3\/groups\/3\/userGroups","groupLimit":"https:\/\/wegohealth1616524231.api-us1.com\/api\/3\/groups\/3\/groupLimit","dealGroupGroups":"https:\/\/wegohealth1616524231.api-us1.com\/api\/3\/groups\/3\/dealGroupGroups","listGroups":"https:\/\/wegohealth1616524231.api-us1.com\/api\/3\/groups\/3\/listGroups","addressGroups":"https:\/\/wegohealth1616524231.api-us1.com\/api\/3\/groups\/3\/addressGroups","automationGroups":"https:\/\/wegohealth1616524231.api-us1.com\/api\/3\/groups\/3\/automationGroups"},"id":"3"},{"title":"Awesome","descript":"My
        really awesome group","unsubscribelink":"0","optinconfirm":"0","p_admin":"1","pgListAdd":"0","pgListEdit":"0","pgListDelete":"0","pgListHeaders":"0","pgListEmailaccount":"0","pgListBounce":"0","pgMessageAdd":"0","pgMessageEdit":"0","pgMessageDelete":"0","pgMessageSend":"0","pgContactAdd":"0","pgContactEdit":"0","pgContactDelete":"0","pgContactMerge":"0","pgContactImport":"0","pgContactApprove":"0","pgContactExport":"0","pgContactSync":"0","pgContactFilters":"0","pgContactActions":"0","pgContactFields":"0","pg_user_add":"0","pg_user_edit":"0","pg_user_delete":"0","pgGroupAdd":"0","pgGroupEdit":"0","pgGroupDelete":"0","pgTemplateAdd":"0","pgTemplateEdit":"0","pgTemplateDelete":"0","pgPersonalizationAdd":"0","pgPersonalizationEdit":"0","pgPersonalizationDelete":"0","pgAutomationManage":"0","pgFormEdit":"0","pgReportsCampaign":"0","pgReportsList":"0","pgReportsUser":"0","pgReportsTrend":"1","pgReportsDeal":"1","pgStartupReports":"0","pgStartupGettingstarted":"1","pgAccountAdd":"1","pgAccountEdit":"1","pgAccountDelete":"1","pgAccountManageCustomField":"1","pgDeal":"1","pgDealDelete":"1","pgDealReassign":"1","pgDealFields":"1","pgDealGroupAdd":"1","pgDealGroupEdit":"1","pgDealGroupDelete":"1","pgSavedResponsesManage":"0","sdate":null,"reqApproval":"0","reqApproval1st":"2","reqApprovalNotify":"","socialdata":"0","pgMfaAdmin":"0","pgDealExport":"0","pgDealManageRoles":"0","pgAccountNoteAdd":"0","pgAccountNoteEdit":"0","pgAccountNoteDelete":"0","pgDealNoteAdd":"0","pgDealNoteEdit":"0","pgDealNoteDelete":"0","pgDealListAll":"0","pgTagManage":"0","pgContactResubscribe":"1","pgDealImport":"0","pgAccountImport":"0","pgAccountExport":"0","pgLandingPagesAccess":"0","pgWebPersonalizationManage":"0","links":{"userGroups":"https:\/\/wegohealth1616524231.api-us1.com\/api\/3\/groups\/18\/userGroups","groupLimit":"https:\/\/wegohealth1616524231.api-us1.com\/api\/3\/groups\/18\/groupLimit","dealGroupGroups":"https:\/\/wegohealth1616524231.api-us1.com\/api\/3\/groups\/18\/dealGroupGroups","listGroups":"https:\/\/wegohealth1616524231.api-us1.com\/api\/3\/groups\/18\/listGroups","addressGroups":"https:\/\/wegohealth1616524231.api-us1.com\/api\/3\/groups\/18\/addressGroups","automationGroups":"https:\/\/wegohealth1616524231.api-us1.com\/api\/3\/groups\/18\/automationGroups"},"id":"18"}],"meta":{"total":"2"}}'
  recorded_at: Tue, 30 Mar 2021 15:34:17 GMT
- request:
    method: delete
    uri: "<API_ENDPOINT>/api/3/groups/18"
    body:
      encoding: US-ASCII
      string: ''
    headers:
      Api-Token:
      - "<API_KEY>"
      Accept-Encoding:
      - gzip;q=1.0,deflate;q=0.6,identity;q=0.3
      Accept:
      - "*/*"
      User-Agent:
      - Ruby
  response:
    status:
      code: 200
      message: OK
    headers:
      Date:
      - Tue, 30 Mar 2021 15:34:18 GMT
      Content-Type:
      - application/json
      Content-Length:
      - '2'
      Connection:
      - keep-alive
      Set-Cookie:
      - PHPSESSID=695a4c24a7889d9599d77b79300842e3; path=/; HttpOnly
      - __cfduid=d3cffd6fd84facaaf8e869e59b6ac56e61617118457; expires=Thu, 29-Apr-21
        15:34:17 GMT; path=/; domain=.api-us1.com; HttpOnly; SameSite=Lax
      - em_acp_globalauth_cookie=db9b943c-3bbc-4bf0-a460-e4d86251f233; path=/; domain=.wegohealth1616524231.api-us1.com;
        secure; httponly
      - em_acp_globalauth_cookie=deleted; expires=Thu, 01-Jan-1970 00:00:01 GMT; Max-Age=0;
        path=/; domain=.wegohealth1616524231.api-us1.com
      - em_acp_globalauth_cookie=deleted; expires=Thu, 01-Jan-1970 00:00:01 GMT; Max-Age=0;
        path=/; domain=.wegohealth1616524231.api-us1.com
      - em_acp_globalauth_cookie=deleted; expires=Thu, 01-Jan-1970 00:00:01 GMT; Max-Age=0;
        path=/; domain=.wegohealth1616524231.api-us1.com
      Cache-Control:
      - no-store, no-cache, must-revalidate
      Expires:
      - Thu, 19 Nov 1981 08:52:00 GMT
      Pragma:
      - no-cache
      X-Envoy-Upstream-Service-Time:
      - '103'
      X-Request-Id:
      - abf7e25d-c329-4b03-8fb0-14ad9959d5a4
      Cf-Cache-Status:
      - DYNAMIC
      Cf-Request-Id:
      - '09255e8817000017df1f1ae000000001'
      Expect-Ct:
      - max-age=604800, report-uri="https://report-uri.cloudflare.com/cdn-cgi/beacon/expect-ct"
      Server:
      - cloudflare
      Cf-Ray:
      - 638266b9b97c17df-DXB
    body:
      encoding: UTF-8
      string: "{}"
  recorded_at: Tue, 30 Mar 2021 15:34:18 GMT
recorded_with: VCR 6.0.0
